<?xml version="1.0"?>
<!-- =================== DO NOT EDIT THIS FILE ====================         -->
<!-- Generated by Modello,                                                  -->
<!-- any modifications will be overwritten.                                 -->
<!-- ==============================================================         -->
<document>
  <properties>
    <title>Modello Java Mojo Test Model</title>
  </properties>
  <body>
    <section name="Modello Java Mojo Test Model">
      <p>No description.</p>
      <source>
&lt;<a href="#class_model">model</a>&gt;
  &lt;extend/&gt;
&lt;/model&gt;
</source>
      <a name="class_model"/>
      <subsection name="model">
        <p>Whether this proxy configuration is the active one. Note: While the type of this field is <code>String</code> for technical reasons, the semantic type is actually <code>boolean</code>.
<br />
This is a description in HTML4
<br />
<strong>NOTE: </strong> HTML linebreak should be converted to selfclosing XML-tag
<br />
<p><b>Since</b>: Maven 3</p></p>
        <table>
          <tr>
            <th>Element</th>
            <th>Type</th>
            <th>Since</th>
            <th>Description</th>
          </tr>
          <tr>
            <td>
              <code>extend</code>
            </td>
            <td>
              <code>String</code>
            </td>
            <td>1.0.0</td>
            <td>No description.</td>
          </tr>
        </table>
      </subsection>
    </section>
  </body>
</document>
